set element 0: 5
set element 1: 4
set element 2: 3
set element 3: 2
set element 4: 1
element 0: 5
element 1: 4
element 2: 3
element 3: 2
element 4: 1
